
> systembook-medical@0.1.0 build
> next build

笆ｲ Next.js 16.1.7 (Turbopack)

  Creating an optimized production build ...

> Build error occurred
Error: Turbopack build failed with 1 errors:
./src/app/layout.tsx:3:1
Module not found: Can't resolve '../globals.css'
  1 | import type { Metadata } from 'next';
  2 | import { Inter } from 'next/font/google';
> 3 | import '../globals.css';
    | ^^^^^^^^^^^^^^^^^^^^^^^^
  4 | import Header from '@/components/layout/Header';
  5 | import Sidebar from '@/components/layout/Sidebar';
  6 |



https://nextjs.org/docs/messages/module-not-found


    at <unknown> (./src/app/layout.tsx:3:1)
    at <unknown> (https://nextjs.org/docs/messages/module-not-found)
